node.exe : (node:19136) ExperimentalWarning: CommonJS module C:\Users\amars\AppData\Roaming\npm\node_modules\npm\node_m
odules\debug\src\node.js is loading ES Module C:\Users\amars\AppData\Roaming\npm\node_modules\npm\node_modules\supports
-color\index.js using require().
At C:\Program Files\nodejs\npx.ps1:29 char:3
+   & $NODE_EXE $NPX_CLI_JS $args
+   ~~~~~~~~~~~~~~~~~~~~~~~~~~~~~
    + CategoryInfo          : NotSpecified: ((node:19136) Ex...sing require().:String) [], RemoteException
    + FullyQualifiedErrorId : NativeCommandError
 
Support for loading ES Module in require() is an experimental feature and might change at any time
(Use `node --trace-warnings ...` to show where the warning was created)
Γû▓ Next.js 16.2.6 (webpack)
- Environments: .env
- Experiments (use with caution):
  ┬╖ optimizePackageImports

  Creating an optimized production build ...
Γ£ô Compiled successfully in 6.1min
  Running TypeScript ...
  Finished TypeScript in 87s ...
  Collecting page data using 3 workers ...

> Build error occurred
Error: ENOENT: no such file or directory, open 'C:\Users\amars\Desktop\SVF\.next\server\pages-manifest.json'
    at ignore-listed frames {
  errno: -4058,
  code: 'ENOENT',
  syscall: 'open',
  path: 'C:\\Users\\amars\\Desktop\\SVF\\.next\\server\\pages-manifest.json'
}
